// Jest Snapshot v1, https://goo.gl/fbAQLP

exports[`renders correctly 1`] = `
<div>
  <p>
    Hello, welcome to solid-node-module!
  </p>
</div>
`;
